Archive member included to satisfy reference by file (symbol)

/usr/share/gcc-arm-none-eabi-10.3-2021.10/bin/../lib/gcc/arm-none-eabi/10.3.1/../../../../arm-none-eabi/lib/thumb/v6-m/nofp/libc_nano.a(lib_a-errno.o)
                              ./Core/Src/syscalls.o (__errno)
/usr/share/gcc-arm-none-eabi-10.3-2021.10/bin/../lib/gcc/arm-none-eabi/10.3.1/../../../../arm-none-eabi/lib/thumb/v6-m/nofp/libc_nano.a(lib_a-exit.o)
                              /usr/share/gcc-arm-none-eabi-10.3-2021.10/bin/../lib/gcc/arm-none-eabi/10.3.1/../../../../arm-none-eabi/lib/thumb/v6-m/nofp/crt0.o (exit)
/usr/share/gcc-arm-none-eabi-10.3-2021.10/bin/../lib/gcc/arm-none-eabi/10.3.1/../../../../arm-none-eabi/lib/thumb/v6-m/nofp/libc_nano.a(lib_a-impure.o)
                              /usr/share/gcc-arm-none-eabi-10.3-2021.10/bin/../lib/gcc/arm-none-eabi/10.3.1/../../../../arm-none-eabi/lib/thumb/v6-m/nofp/libc_nano.a(lib_a-exit.o) (_global_impure_ptr)
/usr/share/gcc-arm-none-eabi-10.3-2021.10/bin/../lib/gcc/arm-none-eabi/10.3.1/../../../../arm-none-eabi/lib/thumb/v6-m/nofp/libc_nano.a(lib_a-init.o)
                              /usr/share/gcc-arm-none-eabi-10.3-2021.10/bin/../lib/gcc/arm-none-eabi/10.3.1/../../../../arm-none-eabi/lib/thumb/v6-m/nofp/crt0.o (__libc_init_array)
/usr/share/gcc-arm-none-eabi-10.3-2021.10/bin/../lib/gcc/arm-none-eabi/10.3.1/../../../../arm-none-eabi/lib/thumb/v6-m/nofp/libc_nano.a(lib_a-memcpy-stub.o)
                              ./Core/Src/ssd1306.o (memcpy)
/usr/share/gcc-arm-none-eabi-10.3-2021.10/bin/../lib/gcc/arm-none-eabi/10.3.1/../../../../arm-none-eabi/lib/thumb/v6-m/nofp/libc_nano.a(lib_a-memset.o)
                              /usr/share/gcc-arm-none-eabi-10.3-2021.10/bin/../lib/gcc/arm-none-eabi/10.3.1/../../../../arm-none-eabi/lib/thumb/v6-m/nofp/crt0.o (memset)
/usr/share/gcc-arm-none-eabi-10.3-2021.10/bin/../lib/gcc/arm-none-eabi/10.3.1/../../../../arm-none-eabi/lib/thumb/v6-m/nofp/libm.a(lib_a-s_cos.o)
                              ./Core/Src/ssd1306.o (cos)
/usr/share/gcc-arm-none-eabi-10.3-2021.10/bin/../lib/gcc/arm-none-eabi/10.3.1/../../../../arm-none-eabi/lib/thumb/v6-m/nofp/libm.a(lib_a-s_sin.o)
                              ./Core/Src/ssd1306.o (sin)
/usr/share/gcc-arm-none-eabi-10.3-2021.10/bin/../lib/gcc/arm-none-eabi/10.3.1/../../../../arm-none-eabi/lib/thumb/v6-m/nofp/libm.a(lib_a-e_rem_pio2.o)
                              /usr/share/gcc-arm-none-eabi-10.3-2021.10/bin/../lib/gcc/arm-none-eabi/10.3.1/../../../../arm-none-eabi/lib/thumb/v6-m/nofp/libm.a(lib_a-s_cos.o) (__ieee754_rem_pio2)
/usr/share/gcc-arm-none-eabi-10.3-2021.10/bin/../lib/gcc/arm-none-eabi/10.3.1/../../../../arm-none-eabi/lib/thumb/v6-m/nofp/libm.a(lib_a-k_cos.o)
                              /usr/share/gcc-arm-none-eabi-10.3-2021.10/bin/../lib/gcc/arm-none-eabi/10.3.1/../../../../arm-none-eabi/lib/thumb/v6-m/nofp/libm.a(lib_a-s_cos.o) (__kernel_cos)
/usr/share/gcc-arm-none-eabi-10.3-2021.10/bin/../lib/gcc/arm-none-eabi/10.3.1/../../../../arm-none-eabi/lib/thumb/v6-m/nofp/libm.a(lib_a-k_rem_pio2.o)
                              /usr/share/gcc-arm-none-eabi-10.3-2021.10/bin/../lib/gcc/arm-none-eabi/10.3.1/../../../../arm-none-eabi/lib/thumb/v6-m/nofp/libm.a(lib_a-e_rem_pio2.o) (__kernel_rem_pio2)
/usr/share/gcc-arm-none-eabi-10.3-2021.10/bin/../lib/gcc/arm-none-eabi/10.3.1/../../../../arm-none-eabi/lib/thumb/v6-m/nofp/libm.a(lib_a-k_sin.o)
                              /usr/share/gcc-arm-none-eabi-10.3-2021.10/bin/../lib/gcc/arm-none-eabi/10.3.1/../../../../arm-none-eabi/lib/thumb/v6-m/nofp/libm.a(lib_a-s_cos.o) (__kernel_sin)
/usr/share/gcc-arm-none-eabi-10.3-2021.10/bin/../lib/gcc/arm-none-eabi/10.3.1/../../../../arm-none-eabi/lib/thumb/v6-m/nofp/libm.a(lib_a-s_fabs.o)
                              /usr/share/gcc-arm-none-eabi-10.3-2021.10/bin/../lib/gcc/arm-none-eabi/10.3.1/../../../../arm-none-eabi/lib/thumb/v6-m/nofp/libm.a(lib_a-e_rem_pio2.o) (fabs)
/usr/share/gcc-arm-none-eabi-10.3-2021.10/bin/../lib/gcc/arm-none-eabi/10.3.1/../../../../arm-none-eabi/lib/thumb/v6-m/nofp/libm.a(lib_a-s_floor.o)
                              /usr/share/gcc-arm-none-eabi-10.3-2021.10/bin/../lib/gcc/arm-none-eabi/10.3.1/../../../../arm-none-eabi/lib/thumb/v6-m/nofp/libm.a(lib_a-k_rem_pio2.o) (floor)
/usr/share/gcc-arm-none-eabi-10.3-2021.10/bin/../lib/gcc/arm-none-eabi/10.3.1/../../../../arm-none-eabi/lib/thumb/v6-m/nofp/libm.a(lib_a-s_scalbn.o)
                              /usr/share/gcc-arm-none-eabi-10.3-2021.10/bin/../lib/gcc/arm-none-eabi/10.3.1/../../../../arm-none-eabi/lib/thumb/v6-m/nofp/libm.a(lib_a-k_rem_pio2.o) (scalbn)
/usr/share/gcc-arm-none-eabi-10.3-2021.10/bin/../lib/gcc/arm-none-eabi/10.3.1/thumb/v6-m/nofp/libgcc.a(_udivsi3.o)
                              ./Core/Src/ssd1306.o (__aeabi_uidiv)
/usr/share/gcc-arm-none-eabi-10.3-2021.10/bin/../lib/gcc/arm-none-eabi/10.3.1/thumb/v6-m/nofp/libgcc.a(_divsi3.o)
                              ./Core/Src/ssd1306.o (__aeabi_idiv)
[...]
Memory Configuration

Name             Origin             Length             Attributes
RAM              0x0000000020000000 0x0000000000008000 xrw
FLASH            0x0000000008000000 0x0000000000040000 xr
*default*        0x0000000000000000 0xffffffffffffffff

Linker script and memory map

LOAD /usr/share/gcc-arm-none-eabi-10.3-2021.10/bin/../lib/gcc/arm-none-eabi/10.3.1/thumb/v6-m/nofp/crti.o
LOAD /usr/share/gcc-arm-none-eabi-10.3-2021.10/bin/../lib/gcc/arm-none-eabi/10.3.1/thumb/v6-m/nofp/crtbegin.o
LOAD /usr/share/gcc-arm-none-eabi-10.3-2021.10/bin/../lib/gcc/arm-none-eabi/10.3.1/../../../../arm-none-eabi/lib/thumb/v6-m/nofp/crt0.o
LOAD ./Core/Src/UIdriver.o
LOAD ./Core/Src/display.o
LOAD ./Core/Src/main.o
LOAD ./Core/Src/ssd1306.o
LOAD ./Core/Src/ssd1306_fonts.o
LOAD ./Core/Src/stm32f0xx_hal_msp.o
LOAD ./Core/Src/stm32f0xx_it.o
LOAD ./Core/Src/syscalls.o
LOAD ./Core/Src/sysmem.o
LOAD ./Core/Src/system_stm32f0xx.o
LOAD ./Core/Startup/startup_stm32f030cctx.o
LOAD ./Drivers/STM32F0xx_HAL_Driver/Src/stm32f0xx_hal.o
LOAD ./Drivers/STM32F0xx_HAL_Driver/Src/stm32f0xx_hal_adc.o
LOAD ./Drivers/STM32F0xx_HAL_Driver/Src/stm32f0xx_hal_adc_ex.o
LOAD ./Drivers/STM32F0xx_HAL_Driver/Src/stm32f0xx_hal_cortex.o
LOAD ./Drivers/STM32F0xx_HAL_Driver/Src/stm32f0xx_hal_dma.o
LOAD ./Drivers/STM32F0xx_HAL_Driver/Src/stm32f0xx_hal_exti.o
LOAD ./Drivers/STM32F0xx_HAL_Driver/Src/stm32f0xx_hal_flash.o
LOAD ./Drivers/STM32F0xx_HAL_Driver/Src/stm32f0xx_hal_flash_ex.o
LOAD ./Drivers/STM32F0xx_HAL_Driver/Src/stm32f0xx_hal_gpio.o
LOAD ./Drivers/STM32F0xx_HAL_Driver/Src/stm32f0xx_hal_i2c.o
LOAD ./Drivers/STM32F0xx_HAL_Driver/Src/stm32f0xx_hal_i2c_ex.o
LOAD ./Drivers/STM32F0xx_HAL_Driver/Src/stm32f0xx_hal_pwr.o
LOAD ./Drivers/STM32F0xx_HAL_Driver/Src/stm32f0xx_hal_pwr_ex.o
LOAD ./Drivers/STM32F0xx_HAL_Driver/Src/stm32f0xx_hal_rcc.o
LOAD ./Drivers/STM32F0xx_HAL_Driver/Src/stm32f0xx_hal_rcc_ex.o
LOAD ./Drivers/STM32F0xx_HAL_Driver/Src/stm32f0xx_hal_rtc.o
LOAD ./Drivers/STM32F0xx_HAL_Driver/Src/stm32f0xx_hal_rtc_ex.o
LOAD ./Drivers/STM32F0xx_HAL_Driver/Src/stm32f0xx_hal_spi.o
LOAD ./Drivers/STM32F0xx_HAL_Driver/Src/stm32f0xx_hal_spi_ex.o
LOAD ./Drivers/STM32F0xx_HAL_Driver/Src/stm32f0xx_hal_tim.o
LOAD ./Drivers/STM32F0xx_HAL_Driver/Src/stm32f0xx_hal_tim_ex.o
START GROUP
LOAD /usr/share/gcc-arm-none-eabi-10.3-2021.10/bin/../lib/gcc/arm-none-eabi/10.3.1/../../../../arm-none-eabi/lib/thumb/v6-m/nofp/libc_nano.a
LOAD /usr/share/gcc-arm-none-eabi-10.3-2021.10/bin/../lib/gcc/arm-none-eabi/10.3.1/../../../../arm-none-eabi/lib/thumb/v6-m/nofp/libm.a
END GROUP
START GROUP
LOAD /usr/share/gcc-arm-none-eabi-10.3-2021.10/bin/../lib/gcc/arm-none-eabi/10.3.1/thumb/v6-m/nofp/libgcc.a
LOAD /usr/share/gcc-arm-none-eabi-10.3-2021.10/bin/../lib/gcc/arm-none-eabi/10.3.1/../../../../arm-none-eabi/lib/thumb/v6-m/nofp/libc_nano.a
END GROUP
START GROUP
LOAD /usr/share/gcc-arm-none-eabi-10.3-2021.10/bin/../lib/gcc/arm-none-eabi/10.3.1/thumb/v6-m/nofp/libgcc.a
LOAD /usr/share/gcc-arm-none-eabi-10.3-2021.10/bin/../lib/gcc/arm-none-eabi/10.3.1/../../../../arm-none-eabi/lib/thumb/v6-m/nofp/libc_nano.a
LOAD /usr/share/gcc-arm-none-eabi-10.3-2021.10/bin/../lib/gcc/arm-none-eabi/10.3.1/../../../../arm-none-eabi/lib/thumb/v6-m/nofp/libnosys.a
END GROUP
START GROUP
LOAD /usr/share/gcc-arm-none-eabi-10.3-2021.10/bin/../lib/gcc/arm-none-eabi/10.3.1/thumb/v6-m/nofp/libgcc.a
LOAD /usr/share/gcc-arm-none-eabi-10.3-2021.10/bin/../lib/gcc/arm-none-eabi/10.3.1/../../../../arm-none-eabi/lib/thumb/v6-m/nofp/libc_nano.a
LOAD /usr/share/gcc-arm-none-eabi-10.3-2021.10/bin/../lib/gcc/arm-none-eabi/10.3.1/../../../../arm-none-eabi/lib/thumb/v6-m/nofp/libnosys.a
END GROUP
LOAD /usr/share/gcc-arm-none-eabi-10.3-2021.10/bin/../lib/gcc/arm-none-eabi/10.3.1/thumb/v6-m/nofp/crtend.o
LOAD /usr/share/gcc-arm-none-eabi-10.3-2021.10/bin/../lib/gcc/arm-none-eabi/10.3.1/thumb/v6-m/nofp/crtn.o
                0x0000000020008000                _estack = (ORIGIN (RAM) + LENGTH (RAM))
                0x0000000000000200                _Min_Heap_Size = 0x200
                0x0000000000000400                _Min_Stack_Size = 0x400

.isr_vector     0x0000000008000000       0xbc
                0x0000000008000000                . = ALIGN (0x4)
 *(.isr_vector)
 .isr_vector    0x0000000008000000       0xbc ./Core/Startup/startup_stm32f030cctx.o
                0x0000000008000000                g_pfnVectors
                0x00000000080000bc                . = ALIGN (0x4)

.text           0x00000000080000bc     0x4d50
                0x00000000080000bc                . = ALIGN (0x4)
 *(.text)
 .text          0x00000000080000bc       0x48 /usr/share/gcc-arm-none-eabi-10.3-2021.10/bin/../lib/gcc/arm-none-eabi/10.3.1/thumb/v6-m/nofp/crtbegin.o
 .text          0x0000000008000104      0x114 /usr/share/gcc-arm-none-eabi-10.3-2021.10/bin/../lib/gcc/arm-none-eabi/10.3.1/thumb/v6-m/nofp/libgcc.a(_udivsi3.o)
                0x0000000008000104                __udivsi3
                0x0000000008000104                __aeabi_uidiv
                0x0000000008000210                __aeabi_uidivmod
 .text          0x0000000008000218        0x4 /usr/share/gcc-arm-none-eabi-10.3-2021.10/bin/../lib/gcc/arm-none-eabi/10.3.1/thumb/v6-m/nofp/libgcc.a(_dvmd_tls.o)
                0x0000000008000218                __aeabi_ldiv0
                0x0000000008000218                __aeabi_idiv0
 *(.text*)
 .text.nextPage
                0x000000000800021c      0x12c ./Core/Src/UIdriver.o
                0x000000000800021c                nextPage
 .text.moveCursor
                0x0000000008000348       0xd4 ./Core/Src/UIdriver.o
                0x0000000008000348                moveCursor
 .text.unselectPage
                0x000000000800041c       0x9c ./Core/Src/UIdriver.o
                0x000000000800041c                unselectPage
 .text.markButton
                0x00000000080004b8       0x80 ./Core/Src/UIdriver.o
                0x00000000080004b8                markButton
 .text.displayTime
                0x0000000008000538      0x158 ./Core/Src/display.o
                0x0000000008000538                displayTime
 .text.checkTime
                0x0000000008000690      0x414 ./Core/Src/display.o
                0x0000000008000690                checkTime
 .text.main     0x0000000008000aa4       0x8c ./Core/Src/main.o
                0x0000000008000aa4                main
 .text.SystemClock_Config
                0x0000000008000b30       0xda ./Core/Src/main.o
                0x0000000008000b30                SystemClock_Config
 .text.MX_NVIC_Init
                0x0000000008000c0a       0x3a ./Core/Src/main.o
 .text.MX_ADC_Init
                0x0000000008000c44       0xb8 ./Core/Src/main.o
 .text.MX_RTC_Init
                0x0000000008000cfc      0x14c ./Core/Src/main.o
 .text.MX_SPI1_Init
                0x0000000008000e48       0x7c ./Core/Src/main.o
 .text.MX_TIM7_Init
                0x0000000008000ec4       0x48 ./Core/Src/main.o
 .text.MX_GPIO_Init
                0x0000000008000f0c      0x1ac ./Core/Src/main.o
 .text.Error_Handler
                0x00000000080010b8        0xa ./Core/Src/main.o
                0x00000000080010b8                Error_Handler
 .text.ssd1306_Reset
                0x00000000080010c2       0x40 ./Core/Src/ssd1306.o
                0x00000000080010c2                ssd1306_Reset
 *fill*         0x0000000008001102        0x2 
 .text.ssd1306_WriteCommand
                0x0000000008001104       0x50 ./Core/Src/ssd1306.o
                0x0000000008001104                ssd1306_WriteCommand
 .text.ssd1306_WriteData
                0x0000000008001154       0x50 ./Core/Src/ssd1306.o
                0x0000000008001154                ssd1306_WriteData
 .text.ssd1306_Init
                0x00000000080011a4       0xd8 ./Core/Src/ssd1306.o
                0x00000000080011a4                ssd1306_Init
 .text.ssd1306_Fill
                0x000000000800127c       0x34 ./Core/Src/ssd1306.o
                0x000000000800127c                ssd1306_Fill
 .text.ssd1306_UpdateScreen
                0x00000000080012b0       0x5c ./Core/Src/ssd1306.o
                0x00000000080012b0                ssd1306_UpdateScreen
 .text.ssd1306_DrawPixel
                0x000000000800130c       0xc4 ./Core/Src/ssd1306.o
                0x000000000800130c                ssd1306_DrawPixel
 .text.ssd1306_WriteChar
                0x00000000080013d0      0x134 ./Core/Src/ssd1306.o
                0x00000000080013d0                ssd1306_WriteChar
 .text.ssd1306_WriteString
                0x0000000008001504       0x54 ./Core/Src/ssd1306.o
                0x0000000008001504                ssd1306_WriteString
 .text.ssd1306_SetCursor
                0x0000000008001558       0x34 ./Core/Src/ssd1306.o
                0x0000000008001558                ssd1306_SetCursor
 .text.ssd1306_Line
                0x000000000800158c      0x114 ./Core/Src/ssd1306.o
                0x000000000800158c                ssd1306_Line
 .text.ssd1306_DrawRectangle
                0x00000000080016a0       0xa0 ./Core/Src/ssd1306.o
                0x00000000080016a0                ssd1306_DrawRectangle
 .text.ssd1306_FillRectangle
                0x0000000008001740      0x10e ./Core/Src/ssd1306.o
                0x0000000008001740                ssd1306_FillRectangle
 .text.ssd1306_SetContrast
                0x000000000800184e       0x30 ./Core/Src/ssd1306.o
                0x000000000800184e                ssd1306_SetContrast
 *fill*         0x000000000800187e        0x2 
 .text.ssd1306_SetDisplayOn
                0x0000000008001880       0x4c ./Core/Src/ssd1306.o
                0x0000000008001880                ssd1306_SetDisplayOn
 .text.HAL_MspInit
                0x00000000080018cc       0x48 ./Core/Src/stm32f0xx_hal_msp.o
                0x00000000080018cc                HAL_MspInit
 .text.HAL_ADC_MspInit
                0x0000000008001914       0x8c ./Core/Src/stm32f0xx_hal_msp.o
                0x0000000008001914                HAL_ADC_MspInit
 .text.HAL_RTC_MspInit
                0x00000000080019a0       0x6c ./Core/Src/stm32f0xx_hal_msp.o
                0x00000000080019a0                HAL_RTC_MspInit
 .text.HAL_SPI_MspInit
                0x0000000008001a0c       0x98 ./Core/Src/stm32f0xx_hal_msp.o
                0x0000000008001a0c                HAL_SPI_MspInit
 .text.HAL_TIM_Base_MspInit
                0x0000000008001aa4       0x3c ./Core/Src/stm32f0xx_hal_msp.o
                0x0000000008001aa4                HAL_TIM_Base_MspInit
 .text.NMI_Handler
                0x0000000008001ae0        0x6 ./Core/Src/stm32f0xx_it.o
                0x0000000008001ae0                NMI_Handler
 .text.HardFault_Handler
                0x0000000008001ae6        0x6 ./Core/Src/stm32f0xx_it.o
                0x0000000008001ae6                HardFault_Handler
 .text.SVC_Handler
                0x0000000008001aec        0xa ./Core/Src/stm32f0xx_it.o
                0x0000000008001aec                SVC_Handler
 .text.PendSV_Handler
                0x0000000008001af6        0xa ./Core/Src/stm32f0xx_it.o
                0x0000000008001af6                PendSV_Handler
 .text.SysTick_Handler
                0x0000000008001b00        0xe ./Core/Src/stm32f0xx_it.o
                0x0000000008001b00                SysTick_Handler
 *fill*         0x0000000008001b0e        0x2 
 .text.EXTI4_15_IRQHandler
                0x0000000008001b10       0xa8 ./Core/Src/stm32f0xx_it.o
                0x0000000008001b10                EXTI4_15_IRQHandler
 .text.ADC1_IRQHandler
                0x0000000008001bb8       0xec ./Core/Src/stm32f0xx_it.o
                0x0000000008001bb8                ADC1_IRQHandler
 .text.TIM7_IRQHandler
                0x0000000008001ca4       0xb0 ./Core/Src/stm32f0xx_it.o
                0x0000000008001ca4                TIM7_IRQHandler
 .text.SystemInit
                0x0000000008001d54        0xa ./Core/Src/system_stm32f0xx.o
                0x0000000008001d54                SystemInit
 *fill*         0x0000000008001d5e        0x2 
 .text.Reset_Handler
                0x0000000008001d60       0x50 ./Core/Startup/startup_stm32f030cctx.o
                0x0000000008001d60                Reset_Handler
 .text.Default_Handler
                0x0000000008001db0        0x2 ./Core/Startup/startup_stm32f030cctx.o
                0x0000000008001db0                TIM1_CC_IRQHandler
                0x0000000008001db0                TIM6_IRQHandler
                0x0000000008001db0                I2C1_IRQHandler
                0x0000000008001db0                SPI1_IRQHandler
                0x0000000008001db0                EXTI2_3_IRQHandler
                0x0000000008001db0                I2C2_IRQHandler
                0x0000000008001db0                USART3_6_IRQHandler
                0x0000000008001db0                TIM17_IRQHandler
                0x0000000008001db0                RTC_IRQHandler
                0x0000000008001db0                TIM16_IRQHandler
                0x0000000008001db0                TIM3_IRQHandler
                0x0000000008001db0                RCC_IRQHandler
                0x0000000008001db0                DMA1_Channel1_IRQHandler
                0x0000000008001db0                Default_Handler
                0x0000000008001db0                TIM14_IRQHandler
                0x0000000008001db0                DMA1_Channel4_5_IRQHandler
                0x0000000008001db0                TIM15_IRQHandler
                0x0000000008001db0                EXTI0_1_IRQHandler
                0x0000000008001db0                SPI2_IRQHandler
                0x0000000008001db0                WWDG_IRQHandler
                0x0000000008001db0                DMA1_Channel2_3_IRQHandler
                0x0000000008001db0                USART2_IRQHandler
                0x0000000008001db0                FLASH_IRQHandler
                0x0000000008001db0                USART1_IRQHandler
                0x0000000008001db0                TIM1_BRK_UP_TRG_COM_IRQHandler
 *fill*         0x0000000008001db2        0x2 
 .text.HAL_Init
                0x0000000008001db4       0x28 ./Drivers/STM32F0xx_HAL_Driver/Src/stm32f0xx_hal.o
                0x0000000008001db4                HAL_Init
 .text.HAL_InitTick
                0x0000000008001ddc       0x68 ./Drivers/STM32F0xx_HAL_Driver/Src/stm32f0xx_hal.o
                0x0000000008001ddc                HAL_InitTick
 .text.HAL_IncTick
                0x0000000008001e44       0x24 ./Drivers/STM32F0xx_HAL_Driver/Src/stm32f0xx_hal.o
                0x0000000008001e44                HAL_IncTick
 .text.HAL_GetTick
                0x0000000008001e68       0x14 ./Drivers/STM32F0xx_HAL_Driver/Src/stm32f0xx_hal.o
                0x0000000008001e68                HAL_GetTick
 .text.HAL_Delay
                0x0000000008001e7c       0x48 ./Drivers/STM32F0xx_HAL_Driver/Src/stm32f0xx_hal.o
                0x0000000008001e7c                HAL_Delay
 .text.HAL_SuspendTick
                0x0000000008001ec4       0x1c ./Drivers/STM32F0xx_HAL_Driver/Src/stm32f0xx_hal.o
                0x0000000008001ec4                HAL_SuspendTick
 .text.HAL_ResumeTick
                0x0000000008001ee0       0x1c ./Drivers/STM32F0xx_HAL_Driver/Src/stm32f0xx_hal.o
                0x0000000008001ee0                HAL_ResumeTick
 .text.HAL_ADC_Init
                0x0000000008001efc      0x280 ./Drivers/STM32F0xx_HAL_Driver/Src/stm32f0xx_hal_adc.o
                0x0000000008001efc                HAL_ADC_Init
 .text.HAL_ADC_PollForConversion
                0x000000000800217c      0x130 ./Drivers/STM32F0xx_HAL_Driver/Src/stm32f0xx_hal_adc.o
                0x000000000800217c                HAL_ADC_PollForConversion
 .text.HAL_ADC_Start_IT
                0x00000000080022ac       0xe4 ./Drivers/STM32F0xx_HAL_Driver/Src/stm32f0xx_hal_adc.o
                0x00000000080022ac                HAL_ADC_Start_IT
 .text.HAL_ADC_Stop_IT
                0x0000000008002390       0x94 ./Drivers/STM32F0xx_HAL_Driver/Src/stm32f0xx_hal_adc.o
                0x0000000008002390                HAL_ADC_Stop_IT
 .text.HAL_ADC_GetValue
                0x0000000008002424       0x16 ./Drivers/STM32F0xx_HAL_Driver/Src/stm32f0xx_hal_adc.o
                0x0000000008002424                HAL_ADC_GetValue
 *fill*         0x000000000800243a        0x2 
 .text.HAL_ADC_IRQHandler
                0x000000000800243c      0x148 ./Drivers/STM32F0xx_HAL_Driver/Src/stm32f0xx_hal_adc.o
                0x000000000800243c                HAL_ADC_IRQHandler
 .text.HAL_ADC_ConvCpltCallback
                0x0000000008002584       0x10 ./Drivers/STM32F0xx_HAL_Driver/Src/stm32f0xx_hal_adc.o
                0x0000000008002584                HAL_ADC_ConvCpltCallback
 .text.HAL_ADC_LevelOutOfWindowCallback
                0x0000000008002594       0x10 ./Drivers/STM32F0xx_HAL_Driver/Src/stm32f0xx_hal_adc.o
                0x0000000008002594                HAL_ADC_LevelOutOfWindowCallback
 .text.HAL_ADC_ErrorCallback
                0x00000000080025a4       0x10 ./Drivers/STM32F0xx_HAL_Driver/Src/stm32f0xx_hal_adc.o
                0x00000000080025a4                HAL_ADC_ErrorCallback
 .text.HAL_ADC_ConfigChannel
                0x00000000080025b4      0x1ec ./Drivers/STM32F0xx_HAL_Driver/Src/stm32f0xx_hal_adc.o
                0x00000000080025b4                HAL_ADC_ConfigChannel
 .text.ADC_Enable
                0x00000000080027a0      0x108 ./Drivers/STM32F0xx_HAL_Driver/Src/stm32f0xx_hal_adc.o
 .text.ADC_Disable
                0x00000000080028a8       0xe2 ./Drivers/STM32F0xx_HAL_Driver/Src/stm32f0xx_hal_adc.o
 .text.ADC_ConversionStop
                0x000000000800298a       0x98 ./Drivers/STM32F0xx_HAL_Driver/Src/stm32f0xx_hal_adc.o
 *fill*         0x0000000008002a22        0x2 
 .text.__NVIC_EnableIRQ
                0x0000000008002a24       0x34 ./Drivers/STM32F0xx_HAL_Driver/Src/stm32f0xx_hal_cortex.o
 .text.__NVIC_DisableIRQ
                0x0000000008002a58       0x44 ./Drivers/STM32F0xx_HAL_Driver/Src/stm32f0xx_hal_cortex.o
 .text.__NVIC_SetPriority
                0x0000000008002a9c       0xdc ./Drivers/STM32F0xx_HAL_Driver/Src/stm32f0xx_hal_cortex.o
 .text.SysTick_Config
                0x0000000008002b78       0x48 ./Drivers/STM32F0xx_HAL_Driver/Src/stm32f0xx_hal_cortex.o
 .text.HAL_NVIC_SetPriority
                0x0000000008002bc0       0x2a ./Drivers/STM32F0xx_HAL_Driver/Src/stm32f0xx_hal_cortex.o
                0x0000000008002bc0                HAL_NVIC_SetPriority
 .text.HAL_NVIC_EnableIRQ
                0x0000000008002bea       0x20 ./Drivers/STM32F0xx_HAL_Driver/Src/stm32f0xx_hal_cortex.o
                0x0000000008002bea                HAL_NVIC_EnableIRQ
 .text.HAL_NVIC_DisableIRQ
                0x0000000008002c0a       0x20 ./Drivers/STM32F0xx_HAL_Driver/Src/stm32f0xx_hal_cortex.o
                0x0000000008002c0a                HAL_NVIC_DisableIRQ
 .text.HAL_SYSTICK_Config
                0x0000000008002c2a       0x1a ./Drivers/STM32F0xx_HAL_Driver/Src/stm32f0xx_hal_cortex.o
                0x0000000008002c2a                HAL_SYSTICK_Config
 .text.HAL_GPIO_Init
                0x0000000008002c44      0x2e0 ./Drivers/STM32F0xx_HAL_Driver/Src/stm32f0xx_hal_gpio.o
                0x0000000008002c44                HAL_GPIO_Init
 .text.HAL_GPIO_WritePin
                0x0000000008002f24       0x3a ./Drivers/STM32F0xx_HAL_Driver/Src/stm32f0xx_hal_gpio.o
                0x0000000008002f24                HAL_GPIO_WritePin
 *fill*         0x0000000008002f5e        0x2 
 .text.HAL_GPIO_EXTI_IRQHandler
                0x0000000008002f60       0x38 ./Drivers/STM32F0xx_HAL_Driver/Src/stm32f0xx_hal_gpio.o
                0x0000000008002f60                HAL_GPIO_EXTI_IRQHandler
 .text.HAL_GPIO_EXTI_Callback
                0x0000000008002f98       0x14 ./Drivers/STM32F0xx_HAL_Driver/Src/stm32f0xx_hal_gpio.o
                0x0000000008002f98                HAL_GPIO_EXTI_Callback
 .text.HAL_PWR_EnterSLEEPMode
                0x0000000008002fac       0x38 ./Drivers/STM32F0xx_HAL_Driver/Src/stm32f0xx_hal_pwr.o
                0x0000000008002fac                HAL_PWR_EnterSLEEPMode
 .text.HAL_RCC_OscConfig
                0x0000000008002fe4      0x63c ./Drivers/STM32F0xx_HAL_Driver/Src/stm32f0xx_hal_rcc.o
                0x0000000008002fe4                HAL_RCC_OscConfig
 .text.HAL_RCC_ClockConfig
                0x0000000008003620      0x19c ./Drivers/STM32F0xx_HAL_Driver/Src/stm32f0xx_hal_rcc.o
                0x0000000008003620                HAL_RCC_ClockConfig
 .text.HAL_RCC_GetSysClockFreq
                0x00000000080037bc       0xb4 ./Drivers/STM32F0xx_HAL_Driver/Src/stm32f0xx_hal_rcc.o
                0x00000000080037bc                HAL_RCC_GetSysClockFreq
 .text.HAL_RCCEx_PeriphCLKConfig
                0x0000000008003870      0x19c ./Drivers/STM32F0xx_HAL_Driver/Src/stm32f0xx_hal_rcc_ex.o
                0x0000000008003870                HAL_RCCEx_PeriphCLKConfig
 .text.HAL_RTC_Init
                0x0000000008003a0c      0x130 ./Drivers/STM32F0xx_HAL_Driver/Src/stm32f0xx_hal_rtc.o
                0x0000000008003a0c                HAL_RTC_Init
 .text.HAL_RTC_SetTime
                0x0000000008003b3c      0x14c ./Drivers/STM32F0xx_HAL_Driver/Src/stm32f0xx_hal_rtc.o
                0x0000000008003b3c                HAL_RTC_SetTime
 .text.HAL_RTC_SetDate
                0x0000000008003c88      0x120 ./Drivers/STM32F0xx_HAL_Driver/Src/stm32f0xx_hal_rtc.o
                0x0000000008003c88                HAL_RTC_SetDate
 .text.HAL_RTC_SetAlarm
                0x0000000008003da8      0x1c8 ./Drivers/STM32F0xx_HAL_Driver/Src/stm32f0xx_hal_rtc.o
                0x0000000008003da8                HAL_RTC_SetAlarm
 .text.HAL_RTC_WaitForSynchro
                0x0000000008003f70       0x50 ./Drivers/STM32F0xx_HAL_Driver/Src/stm32f0xx_hal_rtc.o
                0x0000000008003f70                HAL_RTC_WaitForSynchro
 .text.RTC_EnterInitMode
                0x0000000008003fc0       0x86 ./Drivers/STM32F0xx_HAL_Driver/Src/stm32f0xx_hal_rtc.o
                0x0000000008003fc0                RTC_EnterInitMode
 .text.RTC_ExitInitMode
                0x0000000008004046       0x52 ./Drivers/STM32F0xx_HAL_Driver/Src/stm32f0xx_hal_rtc.o
                0x0000000008004046                RTC_ExitInitMode
 .text.RTC_ByteToBcd2
                0x0000000008004098       0x42 ./Drivers/STM32F0xx_HAL_Driver/Src/stm32f0xx_hal_rtc.o
                0x0000000008004098                RTC_ByteToBcd2
 *fill*         0x00000000080040da        0x2 
 .text.HAL_RTCEx_SetCalibrationOutPut
                0x00000000080040dc       0x88 ./Drivers/STM32F0xx_HAL_Driver/Src/stm32f0xx_hal_rtc_ex.o
                0x00000000080040dc                HAL_RTCEx_SetCalibrationOutPut
 .text.HAL_SPI_Init
                0x0000000008004164      0x170 ./Drivers/STM32F0xx_HAL_Driver/Src/stm32f0xx_hal_spi.o
                0x0000000008004164                HAL_SPI_Init
 .text.HAL_SPI_Transmit
                0x00000000080042d4      0x2be ./Drivers/STM32F0xx_HAL_Driver/Src/stm32f0xx_hal_spi.o
                0x00000000080042d4                HAL_SPI_Transmit
 *fill*         0x0000000008004592        0x2 
 .text.SPI_WaitFlagStateUntilTimeout
                0x0000000008004594      0x11c ./Drivers/STM32F0xx_HAL_Driver/Src/stm32f0xx_hal_spi.o
 .text.SPI_WaitFifoStateUntilTimeout
                0x00000000080046b0      0x144 ./Drivers/STM32F0xx_HAL_Driver/Src/stm32f0xx_hal_spi.o
 .text.SPI_EndRxTxTransaction
                0x00000000080047f4       0x8c ./Drivers/STM32F0xx_HAL_Driver/Src/stm32f0xx_hal_spi.o
 .text.HAL_TIM_Base_Init
                0x0000000008004880       0xa0 ./Drivers/STM32F0xx_HAL_Driver/Src/stm32f0xx_hal_tim.o
                0x0000000008004880                HAL_TIM_Base_Init
 .text.HAL_TIM_Base_Start_IT
                0x0000000008004920       0x98 ./Drivers/STM32F0xx_HAL_Driver/Src/stm32f0xx_hal_tim.o
                0x0000000008004920                HAL_TIM_Base_Start_IT
 .text.HAL_TIM_Base_Stop_IT
                0x00000000080049b8       0x5c ./Drivers/STM32F0xx_HAL_Driver/Src/stm32f0xx_hal_tim.o
                0x00000000080049b8                HAL_TIM_Base_Stop_IT
 .text.HAL_TIM_IRQHandler
                0x0000000008004a14      0x22c ./Drivers/STM32F0xx_HAL_Driver/Src/stm32f0xx_hal_tim.o
                0x0000000008004a14                HAL_TIM_IRQHandler
 .text.HAL_TIM_PeriodElapsedCallback
                0x0000000008004c40       0x10 ./Drivers/STM32F0xx_HAL_Driver/Src/stm32f0xx_hal_tim.o
                0x0000000008004c40                HAL_TIM_PeriodElapsedCallback
 .text.HAL_TIM_OC_DelayElapsedCallback
                0x0000000008004c50       0x10 ./Drivers/STM32F0xx_HAL_Driver/Src/stm32f0xx_hal_tim.o
                0x0000000008004c50                HAL_TIM_OC_DelayElapsedCallback
 .text.HAL_TIM_IC_CaptureCallback
                0x0000000008004c60       0x10 ./Drivers/STM32F0xx_HAL_Driver/Src/stm32f0xx_hal_tim.o
                0x0000000008004c60                HAL_TIM_IC_CaptureCallback
 .text.HAL_TIM_PWM_PulseFinishedCallback
                0x0000000008004c70       0x10 ./Drivers/STM32F0xx_HAL_Driver/Src/stm32f0xx_hal_tim.o
                0x0000000008004c70                HAL_TIM_PWM_PulseFinishedCallback
 .text.HAL_TIM_TriggerCallback
                0x0000000008004c80       0x10 ./Drivers/STM32F0xx_HAL_Driver/Src/stm32f0xx_hal_tim.o
                0x0000000008004c80                HAL_TIM_TriggerCallback
 .text.TIM_Base_SetConfig
                0x0000000008004c90       0xec ./Drivers/STM32F0xx_HAL_Driver/Src/stm32f0xx_hal_tim.o
                0x0000000008004c90                TIM_Base_SetConfig
 .text.HAL_TIMEx_CommutCallback
                0x0000000008004d7c       0x10 ./Drivers/STM32F0xx_HAL_Driver/Src/stm32f0xx_hal_tim_ex.o
                0x0000000008004d7c                HAL_TIMEx_CommutCallback
 .text.HAL_TIMEx_BreakCallback
                0x0000000008004d8c       0x10 ./Drivers/STM32F0xx_HAL_Driver/Src/stm32f0xx_hal_tim_ex.o
                0x0000000008004d8c                HAL_TIMEx_BreakCallback
 .text.__libc_init_array
                0x0000000008004d9c       0x48 /usr/share/gcc-arm-none-eabi-10.3-2021.10/bin/../lib/gcc/arm-none-eabi/10.3.1/../../../../arm-none-eabi/lib/thumb/v6-m/nofp/libc_nano.a(lib_a-init.o)
                0x0000000008004d9c                __libc_init_array
 .text.memset   0x0000000008004de4       0x10 /usr/share/gcc-arm-none-eabi-10.3-2021.10/bin/../lib/gcc/arm-none-eabi/10.3.1/../../../../arm-none-eabi/lib/thumb/v6-m/nofp/libc_nano.a(lib_a-memset.o)
                0x0000000008004de4                memset
 *(.glue_7)
 .glue_7        0x0000000008004df4        0x0 linker stubs
 *(.glue_7t)
 .glue_7t       0x0000000008004df4        0x0 linker stubs
 *(.eh_frame)
 .eh_frame      0x0000000008004df4        0x0 /usr/share/gcc-arm-none-eabi-10.3-2021.10/bin/../lib/gcc/arm-none-eabi/10.3.1/thumb/v6-m/nofp/crtbegin.o
 *(.init)
 .init          0x0000000008004df4        0x4 /usr/share/gcc-arm-none-eabi-10.3-2021.10/bin/../lib/gcc/arm-none-eabi/10.3.1/thumb/v6-m/nofp/crti.o
                0x0000000008004df4                _init
 .init          0x0000000008004df8        0x8 /usr/share/gcc-arm-none-eabi-10.3-2021.10/bin/../lib/gcc/arm-none-eabi/10.3.1/thumb/v6-m/nofp/crtn.o
 *(.fini)
 .fini          0x0000000008004e00        0x4 /usr/share/gcc-arm-none-eabi-10.3-2021.10/bin/../lib/gcc/arm-none-eabi/10.3.1/thumb/v6-m/nofp/crti.o
                0x0000000008004e00                _fini
 .fini          0x0000000008004e04        0x8 /usr/share/gcc-arm-none-eabi-10.3-2021.10/bin/../lib/gcc/arm-none-eabi/10.3.1/thumb/v6-m/nofp/crtn.o
                0x0000000008004e0c                . = ALIGN (0x4)
                0x0000000008004e0c                _etext = .

.vfp11_veneer   0x0000000008004e0c        0x0
 .vfp11_veneer  0x0000000008004e0c        0x0 linker stubs

.v4_bx          0x0000000008004e0c        0x0
 .v4_bx         0x0000000008004e0c        0x0 linker stubs

.iplt           0x0000000008004e0c        0x0
 .iplt          0x0000000008004e0c        0x0 /usr/share/gcc-arm-none-eabi-10.3-2021.10/bin/../lib/gcc/arm-none-eabi/10.3.1/thumb/v6-m/nofp/crtbegin.o

.rodata         0x0000000008004e0c      0x63c
                0x0000000008004e0c                . = ALIGN (0x4)
 *(.rodata)
 *(.rodata*)
 .rodata.displayTime
                0x0000000008004e0c       0x1c ./Core/Src/display.o
 .rodata.Font6x8
                0x0000000008004e28      0x5f0 ./Core/Src/ssd1306_fonts.o
 .rodata.AHBPrescTable
                0x0000000008005418       0x10 ./Core/Src/system_stm32f0xx.o
                0x0000000008005418                AHBPrescTable
 .rodata.aPLLMULFactorTable.1
                0x0000000008005428       0x10 ./Drivers/STM32F0xx_HAL_Driver/Src/stm32f0xx_hal_rcc.o
 .rodata.aPredivFactorTable.0
                0x0000000008005438       0x10 ./Drivers/STM32F0xx_HAL_Driver/Src/stm32f0xx_hal_rcc.o
                0x0000000008005448                . = ALIGN (0x4)

.rel.dyn        0x0000000008005448        0x0
 .rel.iplt      0x0000000008005448        0x0 /usr/share/gcc-arm-none-eabi-10.3-2021.10/bin/../lib/gcc/arm-none-eabi/10.3.1/thumb/v6-m/nofp/crtbegin.o

.ARM.extab      0x0000000008005448        0x0
                0x0000000008005448                . = ALIGN (0x4)
 *(.ARM.extab* .gnu.linkonce.armextab.*)
                0x0000000008005448                . = ALIGN (0x4)

.ARM            0x0000000008005448        0x0
                0x0000000008005448                . = ALIGN (0x4)
                0x0000000008005448                __exidx_start = .
 *(.ARM.exidx*)
                0x0000000008005448                __exidx_end = .
                0x0000000008005448                . = ALIGN (0x4)

.preinit_array  0x0000000008005448        0x0
                0x0000000008005448                . = ALIGN (0x4)
                0x0000000008005448                PROVIDE (__preinit_array_start = .)
 *(.preinit_array*)
                0x0000000008005448                PROVIDE (__preinit_array_end = .)
                0x0000000008005448                . = ALIGN (0x4)

.init_array     0x0000000008005448        0x4
                0x0000000008005448                . = ALIGN (0x4)
                0x0000000008005448                PROVIDE (__init_array_start = .)
 *(SORT_BY_NAME(.init_array.*))
 *(.init_array*)
 .init_array    0x0000000008005448        0x4 /usr/share/gcc-arm-none-eabi-10.3-2021.10/bin/../lib/gcc/arm-none-eabi/10.3.1/thumb/v6-m/nofp/crtbegin.o
                0x000000000800544c                PROVIDE (__init_array_end = .)
                0x000000000800544c                . = ALIGN (0x4)

.fini_array     0x000000000800544c        0x4
                0x000000000800544c                . = ALIGN (0x4)
                [!provide]                        PROVIDE (__fini_array_start = .)
 *(SORT_BY_NAME(.fini_array.*))
 *(.fini_array*)
 .fini_array    0x000000000800544c        0x4 /usr/share/gcc-arm-none-eabi-10.3-2021.10/bin/../lib/gcc/arm-none-eabi/10.3.1/thumb/v6-m/nofp/crtbegin.o
                [!provide]                        PROVIDE (__fini_array_end = .)
                0x0000000008005450                . = ALIGN (0x4)
                0x0000000008005450                _sidata = LOADADDR (.data)

.data           0x0000000020000000      0x2dc load address 0x0000000008005450
                0x0000000020000000                . = ALIGN (0x4)
                0x0000000020000000                _sdata = .
 *(.data)
 *(.data*)
 .data.allowNextPage
                0x0000000020000000        0x4 ./Core/Src/UIdriver.o
                0x0000000020000000                allowNextPage
 .data.nextOrPrev
                0x0000000020000004        0x4 ./Core/Src/UIdriver.o
                0x0000000020000004                nextOrPrev
 .data.page1    0x0000000020000008       0xe0 ./Core/Src/UIdriver.o
                0x0000000020000008                page1
 .data.page2    0x00000000200000e8       0xe0 ./Core/Src/UIdriver.o
                0x00000000200000e8                page2
 .data.page3    0x00000000200001c8       0xe0 ./Core/Src/UIdriver.o
                0x00000000200001c8                page3
 .data.currentPage
                0x00000000200002a8        0x4 ./Core/Src/UIdriver.o
                0x00000000200002a8                currentPage
 .data.chUniSeconds
                0x00000000200002ac        0x1 ./Core/Src/display.o
                0x00000000200002ac                chUniSeconds
 .data.chTenSeconds
                0x00000000200002ad        0x1 ./Core/Src/display.o
                0x00000000200002ad                chTenSeconds
 .data.chUniMinutes
                0x00000000200002ae        0x1 ./Core/Src/display.o
                0x00000000200002ae                chUniMinutes
 .data.chTenMinutes
                0x00000000200002af        0x1 ./Core/Src/display.o
                0x00000000200002af                chTenMinutes
 .data.chUniHours
                0x00000000200002b0        0x1 ./Core/Src/display.o
                0x00000000200002b0                chUniHours
 .data.chTenHours
                0x00000000200002b1        0x1 ./Core/Src/display.o
                0x00000000200002b1                chTenHours
 .data.chTenYears
                0x00000000200002b2        0x1 ./Core/Src/display.o
                0x00000000200002b2                chTenYears
 .data.chUniYears
                0x00000000200002b3        0x1 ./Core/Src/display.o
                0x00000000200002b3                chUniYears
 .data.chTenMonths
                0x00000000200002b4        0x1 ./Core/Src/display.o
                0x00000000200002b4                chTenMonths
 .data.chUniMonths
                0x00000000200002b5        0x1 ./Core/Src/display.o
                0x00000000200002b5                chUniMonths
 .data.chWD     0x00000000200002b6        0x1 ./Core/Src/display.o
                0x00000000200002b6                chWD
 .data.chTenDays
                0x00000000200002b7        0x1 ./Core/Src/display.o
                0x00000000200002b7                chTenDays
 .data.chUniDays
                0x00000000200002b8        0x1 ./Core/Src/display.o
                0x00000000200002b8                chUniDays
 *fill*         0x00000000200002b9        0x3 
 .data.symbolHorizontalShift
                0x00000000200002bc        0x4 ./Core/Src/display.o
                0x00000000200002bc                symbolHorizontalShift
 .data.symbolVerticalShift
                0x00000000200002c0        0x4 ./Core/Src/display.o
                0x00000000200002c0                symbolVerticalShift
 .data.Font_6x8
                0x00000000200002c4        0x8 ./Core/Src/ssd1306_fonts.o
                0x00000000200002c4                Font_6x8
 .data.adcConverted
                0x00000000200002cc        0x4 ./Core/Src/stm32f0xx_it.o
                0x00000000200002cc                adcConverted
 .data.SystemCoreClock
                0x00000000200002d0        0x4 ./Core/Src/system_stm32f0xx.o
                0x00000000200002d0                SystemCoreClock
 .data.uwTickPrio
                0x00000000200002d4        0x4 ./Drivers/STM32F0xx_HAL_Driver/Src/stm32f0xx_hal.o
                0x00000000200002d4                uwTickPrio
 .data.uwTickFreq
                0x00000000200002d8        0x1 ./Drivers/STM32F0xx_HAL_Driver/Src/stm32f0xx_hal.o
                0x00000000200002d8                uwTickFreq
 *(.RamFunc)
 *(.RamFunc*)
                0x00000000200002dc                . = ALIGN (0x4)
 *fill*         0x00000000200002d9        0x3 
                0x00000000200002dc                _edata = .

.igot.plt       0x00000000200002dc        0x0 load address 0x000000000800572c
 .igot.plt      0x00000000200002dc        0x0 /usr/share/gcc-arm-none-eabi-10.3-2021.10/bin/../lib/gcc/arm-none-eabi/10.3.1/thumb/v6-m/nofp/crtbegin.o
                0x00000000200002dc                . = ALIGN (0x4)

.bss            0x00000000200002dc      0x568 load address 0x000000000800572c
                0x00000000200002dc                _sbss = .
                0x00000000200002dc                __bss_start__ = _sbss
 *(.bss)
 .bss           0x00000000200002dc       0x1c /usr/share/gcc-arm-none-eabi-10.3-2021.10/bin/../lib/gcc/arm-none-eabi/10.3.1/thumb/v6-m/nofp/crtbegin.o
 *(.bss*)
 .bss.trCheckUS
                0x00000000200002f8        0x4 ./Core/Src/display.o
                0x00000000200002f8                trCheckUS
 .bss.trCheckTS
                0x00000000200002fc        0x4 ./Core/Src/display.o
                0x00000000200002fc                trCheckTS
 .bss.trCheckUM
                0x0000000020000300        0x4 ./Core/Src/display.o
                0x0000000020000300                trCheckUM
 .bss.trCheckTM
                0x0000000020000304        0x4 ./Core/Src/display.o
                0x0000000020000304                trCheckTM
 .bss.trCheckUH
                0x0000000020000308        0x4 ./Core/Src/display.o
                0x0000000020000308                trCheckUH
 .bss.trCheckTH
                0x000000002000030c        0x4 ./Core/Src/display.o
                0x000000002000030c                trCheckTH
 .bss.drCheckTY
                0x0000000020000310        0x4 ./Core/Src/display.o
                0x0000000020000310                drCheckTY
 .bss.drCheckUY
                0x0000000020000314        0x4 ./Core/Src/display.o
                0x0000000020000314                drCheckUY
 .bss.drCheckTM
                0x0000000020000318        0x4 ./Core/Src/display.o
                0x0000000020000318                drCheckTM
 .bss.drCheckUM
                0x000000002000031c        0x4 ./Core/Src/display.o
                0x000000002000031c                drCheckUM
 .bss.drCheckWD
                0x0000000020000320        0x4 ./Core/Src/display.o
                0x0000000020000320                drCheckWD
 .bss.drCheckTD
                0x0000000020000324        0x4 ./Core/Src/display.o
                0x0000000020000324                drCheckTD
 .bss.drCheckUD
                0x0000000020000328        0x4 ./Core/Src/display.o
                0x0000000020000328                drCheckUD
 .bss.hadc      0x000000002000032c       0x40 ./Core/Src/main.o
                0x000000002000032c                hadc
 .bss.hrtc      0x000000002000036c       0x20 ./Core/Src/main.o
                0x000000002000036c                hrtc
 .bss.hspi1     0x000000002000038c       0x64 ./Core/Src/main.o
                0x000000002000038c                hspi1
 .bss.htim7     0x00000000200003f0       0x48 ./Core/Src/main.o
                0x00000000200003f0                htim7
 .bss.SSD1306_Buffer
                0x0000000020000438      0x400 ./Core/Src/ssd1306.o
 .bss.SSD1306   0x0000000020000838        0x6 ./Core/Src/ssd1306.o
 *fill*         0x000000002000083e        0x2 
 .bss.uwTick    0x0000000020000840        0x4 ./Drivers/STM32F0xx_HAL_Driver/Src/stm32f0xx_hal.o
                0x0000000020000840                uwTick
 *(COMMON)
                0x0000000020000844                . = ALIGN (0x4)
                0x0000000020000844                _ebss = .
                0x0000000020000844                __bss_end__ = _ebss

._user_heap_stack
                0x0000000020000844      0x604 load address 0x000000000800572c
                0x0000000020000848                . = ALIGN (0x8)
 *fill*         0x0000000020000844        0x4 
                [!provide]                        PROVIDE (end = .)
                0x0000000020000848                PROVIDE (_end = .)
                0x0000000020000a48                . = (. + _Min_Heap_Size)
 *fill*         0x0000000020000848      0x200 
                0x0000000020000e48                . = (. + _Min_Stack_Size)
 *fill*         0x0000000020000a48      0x400 
                0x0000000020000e48                . = ALIGN (0x8)

/DISCARD/
 libc.a(*)
 libm.a(*)
 libgcc.a(*)

.ARM.attributes
                0x0000000000000000       0x28
 *(.ARM.attributes)
 .ARM.attributes
                0x0000000000000000       0x1e /usr/share/gcc-arm-none-eabi-10.3-2021.10/bin/../lib/gcc/arm-none-eabi/10.3.1/thumb/v6-m/nofp/crti.o
 .ARM.attributes
                0x000000000000001e       0x2c /usr/share/gcc-arm-none-eabi-10.3-2021.10/bin/../lib/gcc/arm-none-eabi/10.3.1/thumb/v6-m/nofp/crtbegin.o
 .ARM.attributes
                0x000000000000004a       0x2c ./Core/Src/UIdriver.o
 .ARM.attributes
                0x0000000000000076       0x2c ./Core/Src/display.o
 .ARM.attributes
                0x00000000000000a2       0x2c ./Core/Src/main.o
 .ARM.attributes
                0x00000000000000ce       0x2c ./Core/Src/ssd1306.o
 .ARM.attributes
                0x00000000000000fa       0x2c ./Core/Src/ssd1306_fonts.o
 .ARM.attributes
                0x0000000000000126       0x2c ./Core/Src/stm32f0xx_hal_msp.o
 .ARM.attributes
                0x0000000000000152       0x2c ./Core/Src/stm32f0xx_it.o
 .ARM.attributes
                0x000000000000017e       0x2c ./Core/Src/system_stm32f0xx.o
 .ARM.attributes
                0x00000000000001aa       0x21 ./Core/Startup/startup_stm32f030cctx.o
 .ARM.attributes
                0x00000000000001cb       0x2c ./Drivers/STM32F0xx_HAL_Driver/Src/stm32f0xx_hal.o
 .ARM.attributes
                0x00000000000001f7       0x2c ./Drivers/STM32F0xx_HAL_Driver/Src/stm32f0xx_hal_adc.o
 .ARM.attributes
                0x0000000000000223       0x2c ./Drivers/STM32F0xx_HAL_Driver/Src/stm32f0xx_hal_cortex.o
 .ARM.attributes
                0x000000000000024f       0x2c ./Drivers/STM32F0xx_HAL_Driver/Src/stm32f0xx_hal_gpio.o
 .ARM.attributes
                0x000000000000027b       0x2c ./Drivers/STM32F0xx_HAL_Driver/Src/stm32f0xx_hal_pwr.o
 .ARM.attributes
                0x00000000000002a7       0x2c ./Drivers/STM32F0xx_HAL_Driver/Src/stm32f0xx_hal_rcc.o
 .ARM.attributes
                0x00000000000002d3       0x2c ./Drivers/STM32F0xx_HAL_Driver/Src/stm32f0xx_hal_rcc_ex.o
 .ARM.attributes
                0x00000000000002ff       0x2c ./Drivers/STM32F0xx_HAL_Driver/Src/stm32f0xx_hal_rtc.o
 .ARM.attributes
                0x000000000000032b       0x2c ./Drivers/STM32F0xx_HAL_Driver/Src/stm32f0xx_hal_rtc_ex.o
 .ARM.attributes
                0x0000000000000357       0x2c ./Drivers/STM32F0xx_HAL_Driver/Src/stm32f0xx_hal_spi.o
 .ARM.attributes
                0x0000000000000383       0x2c ./Drivers/STM32F0xx_HAL_Driver/Src/stm32f0xx_hal_tim.o
 .ARM.attributes
                0x00000000000003af       0x2c ./Drivers/STM32F0xx_HAL_Driver/Src/stm32f0xx_hal_tim_ex.o
 .ARM.attributes
                0x00000000000003db       0x2c /usr/share/gcc-arm-none-eabi-10.3-2021.10/bin/../lib/gcc/arm-none-eabi/10.3.1/../../../../arm-none-eabi/lib/thumb/v6-m/nofp/libc_nano.a(lib_a-init.o)
 .ARM.attributes
                0x0000000000000407       0x2c /usr/share/gcc-arm-none-eabi-10.3-2021.10/bin/../lib/gcc/arm-none-eabi/10.3.1/../../../../arm-none-eabi/lib/thumb/v6-m/nofp/libc_nano.a(lib_a-memset.o)
 .ARM.attributes
                0x0000000000000433       0x1e /usr/share/gcc-arm-none-eabi-10.3-2021.10/bin/../lib/gcc/arm-none-eabi/10.3.1/thumb/v6-m/nofp/libgcc.a(_udivsi3.o)
 .ARM.attributes
                0x0000000000000451       0x1e /usr/share/gcc-arm-none-eabi-10.3-2021.10/bin/../lib/gcc/arm-none-eabi/10.3.1/thumb/v6-m/nofp/libgcc.a(_dvmd_tls.o)
 .ARM.attributes
                0x000000000000046f       0x1e /usr/share/gcc-arm-none-eabi-10.3-2021.10/bin/../lib/gcc/arm-none-eabi/10.3.1/thumb/v6-m/nofp/crtn.o
OUTPUT(Lodestone-1 1.0.elf elf32-littlearm)
LOAD linker stubs
LOAD /usr/share/gcc-arm-none-eabi-10.3-2021.10/bin/../lib/gcc/arm-none-eabi/10.3.1/../../../../arm-none-eabi/lib/thumb/v6-m/nofp/libc.a
LOAD /usr/share/gcc-arm-none-eabi-10.3-2021.10/bin/../lib/gcc/arm-none-eabi/10.3.1/../../../../arm-none-eabi/lib/thumb/v6-m/nofp/libm.a
LOAD /usr/share/gcc-arm-none-eabi-10.3-2021.10/bin/../lib/gcc/arm-none-eabi/10.3.1/thumb/v6-m/nofp/libgcc.a

.debug_info     0x0000000000000000     0xf230
 .debug_info    0x0000000000000000      0x32e ./Core/Src/UIdriver.o
 .debug_info    0x000000000000032e      0x71e ./Core/Src/display.o
 .debug_info    0x0000000000000a4c     0x156c ./Core/Src/main.o
 .debug_info    0x0000000000001fb8     0x124e ./Core/Src/ssd1306.o
 .debug_info    0x0000000000003206      0x129 ./Core/Src/ssd1306_fonts.o
 .debug_info    0x000000000000332f     0x1243 ./Core/Src/stm32f0xx_hal_msp.o
 .debug_info    0x0000000000004572      0xb19 ./Core/Src/stm32f0xx_it.o
 .debug_info    0x000000000000508b      0x269 ./Core/Src/system_stm32f0xx.o
 .debug_info    0x00000000000052f4       0x22 ./Core/Startup/startup_stm32f030cctx.o
 .debug_info    0x0000000000005316      0x689 ./Drivers/STM32F0xx_HAL_Driver/Src/stm32f0xx_hal.o
 .debug_info    0x000000000000599f      0xcf3 ./Drivers/STM32F0xx_HAL_Driver/Src/stm32f0xx_hal_adc.o
 .debug_info    0x0000000000006692      0x705 ./Drivers/STM32F0xx_HAL_Driver/Src/stm32f0xx_hal_cortex.o
 .debug_info    0x0000000000006d97      0x614 ./Drivers/STM32F0xx_HAL_Driver/Src/stm32f0xx_hal_gpio.o
 .debug_info    0x00000000000073ab      0x3cb ./Drivers/STM32F0xx_HAL_Driver/Src/stm32f0xx_hal_pwr.o
 .debug_info    0x0000000000007776      0x844 ./Drivers/STM32F0xx_HAL_Driver/Src/stm32f0xx_hal_rcc.o
 .debug_info    0x0000000000007fba      0x354 ./Drivers/STM32F0xx_HAL_Driver/Src/stm32f0xx_hal_rcc_ex.o
 .debug_info    0x000000000000830e      0xb9d ./Drivers/STM32F0xx_HAL_Driver/Src/stm32f0xx_hal_rtc.o
 .debug_info    0x0000000000008eab      0xc5a ./Drivers/STM32F0xx_HAL_Driver/Src/stm32f0xx_hal_rtc_ex.o
 .debug_info    0x0000000000009b05     0x1732 ./Drivers/STM32F0xx_HAL_Driver/Src/stm32f0xx_hal_spi.o
 .debug_info    0x000000000000b237     0x2b46 ./Drivers/STM32F0xx_HAL_Driver/Src/stm32f0xx_hal_tim.o
 .debug_info    0x000000000000dd7d     0x14b3 ./Drivers/STM32F0xx_HAL_Driver/Src/stm32f0xx_hal_tim_ex.o

.debug_abbrev   0x0000000000000000     0x24ad
 .debug_abbrev  0x0000000000000000       0xe9 ./Core/Src/UIdriver.o
 .debug_abbrev  0x00000000000000e9      0x16f ./Core/Src/display.o
 .debug_abbrev  0x0000000000000258      0x287 ./Core/Src/main.o
 .debug_abbrev  0x00000000000004df      0x2c3 ./Core/Src/ssd1306.o
 .debug_abbrev  0x00000000000007a2       0xad ./Core/Src/ssd1306_fonts.o
 .debug_abbrev  0x000000000000084f      0x1f5 ./Core/Src/stm32f0xx_hal_msp.o
 .debug_abbrev  0x0000000000000a44      0x1db ./Core/Src/stm32f0xx_it.o
 .debug_abbrev  0x0000000000000c1f      0x116 ./Core/Src/system_stm32f0xx.o
 .debug_abbrev  0x0000000000000d35       0x12 ./Core/Startup/startup_stm32f030cctx.o
 .debug_abbrev  0x0000000000000d47      0x20c ./Drivers/STM32F0xx_HAL_Driver/Src/stm32f0xx_hal.o
 .debug_abbrev  0x0000000000000f53      0x1d7 ./Drivers/STM32F0xx_HAL_Driver/Src/stm32f0xx_hal_adc.o
 .debug_abbrev  0x000000000000112a      0x283 ./Drivers/STM32F0xx_HAL_Driver/Src/stm32f0xx_hal_cortex.o
 .debug_abbrev  0x00000000000013ad      0x1bb ./Drivers/STM32F0xx_HAL_Driver/Src/stm32f0xx_hal_gpio.o
 .debug_abbrev  0x0000000000001568      0x13b ./Drivers/STM32F0xx_HAL_Driver/Src/stm32f0xx_hal_pwr.o
 .debug_abbrev  0x00000000000016a3      0x23b ./Drivers/STM32F0xx_HAL_Driver/Src/stm32f0xx_hal_rcc.o
 .debug_abbrev  0x00000000000018de      0x154 ./Drivers/STM32F0xx_HAL_Driver/Src/stm32f0xx_hal_rcc_ex.o
 .debug_abbrev  0x0000000000001a32      0x1c0 ./Drivers/STM32F0xx_HAL_Driver/Src/stm32f0xx_hal_rtc.o
 .debug_abbrev  0x0000000000001bf2      0x1e7 ./Drivers/STM32F0xx_HAL_Driver/Src/stm32f0xx_hal_rtc_ex.o
 .debug_abbrev  0x0000000000001dd9      0x23a ./Drivers/STM32F0xx_HAL_Driver/Src/stm32f0xx_hal_spi.o
 .debug_abbrev  0x0000000000002013      0x249 ./Drivers/STM32F0xx_HAL_Driver/Src/stm32f0xx_hal_tim.o
 .debug_abbrev  0x000000000000225c      0x251 ./Drivers/STM32F0xx_HAL_Driver/Src/stm32f0xx_hal_tim_ex.o

.debug_aranges  0x0000000000000000      0xfc8
 .debug_aranges
                0x0000000000000000       0x40 ./Core/Src/UIdriver.o
 .debug_aranges
                0x0000000000000040       0x28 ./Core/Src/display.o
 .debug_aranges
                0x0000000000000068       0x60 ./Core/Src/main.o
 .debug_aranges
                0x00000000000000c8       0xe0 ./Core/Src/ssd1306.o
 .debug_aranges
                0x00000000000001a8       0x18 ./Core/Src/ssd1306_fonts.o
 .debug_aranges
                0x00000000000001c0       0x60 ./Core/Src/stm32f0xx_hal_msp.o
 .debug_aranges
                0x0000000000000220       0x58 ./Core/Src/stm32f0xx_it.o
 .debug_aranges
                0x0000000000000278       0x28 ./Core/Src/system_stm32f0xx.o
 .debug_aranges
                0x00000000000002a0       0x28 ./Core/Startup/startup_stm32f030cctx.o
 .debug_aranges
                0x00000000000002c8       0xd0 ./Drivers/STM32F0xx_HAL_Driver/Src/stm32f0xx_hal.o
 .debug_aranges
                0x0000000000000398       0xf8 ./Drivers/STM32F0xx_HAL_Driver/Src/stm32f0xx_hal_adc.o
 .debug_aranges
                0x0000000000000490       0xc0 ./Drivers/STM32F0xx_HAL_Driver/Src/stm32f0xx_hal_cortex.o
 .debug_aranges
                0x0000000000000550       0x58 ./Drivers/STM32F0xx_HAL_Driver/Src/stm32f0xx_hal_gpio.o
 .debug_aranges
                0x00000000000005a8       0x78 ./Drivers/STM32F0xx_HAL_Driver/Src/stm32f0xx_hal_pwr.o
 .debug_aranges
                0x0000000000000620       0x80 ./Drivers/STM32F0xx_HAL_Driver/Src/stm32f0xx_hal_rcc.o
 .debug_aranges
                0x00000000000006a0       0x30 ./Drivers/STM32F0xx_HAL_Driver/Src/stm32f0xx_hal_rcc_ex.o
 .debug_aranges
                0x00000000000006d0       0xe8 ./Drivers/STM32F0xx_HAL_Driver/Src/stm32f0xx_hal_rtc.o
 .debug_aranges
                0x00000000000007b8      0x100 ./Drivers/STM32F0xx_HAL_Driver/Src/stm32f0xx_hal_rtc_ex.o
 .debug_aranges
                0x00000000000008b8      0x1d8 ./Drivers/STM32F0xx_HAL_Driver/Src/stm32f0xx_hal_spi.o
 .debug_aranges
                0x0000000000000a90      0x3d0 ./Drivers/STM32F0xx_HAL_Driver/Src/stm32f0xx_hal_tim.o
 .debug_aranges
                0x0000000000000e60      0x168 ./Drivers/STM32F0xx_HAL_Driver/Src/stm32f0xx_hal_tim_ex.o

.debug_ranges   0x0000000000000000      0xe78
 .debug_ranges  0x0000000000000000       0x30 ./Core/Src/UIdriver.o
 .debug_ranges  0x0000000000000030       0x18 ./Core/Src/display.o
 .debug_ranges  0x0000000000000048       0x50 ./Core/Src/main.o
 .debug_ranges  0x0000000000000098       0xd0 ./Core/Src/ssd1306.o
 .debug_ranges  0x0000000000000168       0x50 ./Core/Src/stm32f0xx_hal_msp.o
 .debug_ranges  0x00000000000001b8       0x48 ./Core/Src/stm32f0xx_it.o
 .debug_ranges  0x0000000000000200       0x18 ./Core/Src/system_stm32f0xx.o
 .debug_ranges  0x0000000000000218       0x20 ./Core/Startup/startup_stm32f030cctx.o
 .debug_ranges  0x0000000000000238       0xc0 ./Drivers/STM32F0xx_HAL_Driver/Src/stm32f0xx_hal.o
 .debug_ranges  0x00000000000002f8       0xe8 ./Drivers/STM32F0xx_HAL_Driver/Src/stm32f0xx_hal_adc.o
 .debug_ranges  0x00000000000003e0       0xb0 ./Drivers/STM32F0xx_HAL_Driver/Src/stm32f0xx_hal_cortex.o
 .debug_ranges  0x0000000000000490       0x48 ./Drivers/STM32F0xx_HAL_Driver/Src/stm32f0xx_hal_gpio.o
 .debug_ranges  0x00000000000004d8       0x68 ./Drivers/STM32F0xx_HAL_Driver/Src/stm32f0xx_hal_pwr.o
 .debug_ranges  0x0000000000000540       0x70 ./Drivers/STM32F0xx_HAL_Driver/Src/stm32f0xx_hal_rcc.o
 .debug_ranges  0x00000000000005b0       0x20 ./Drivers/STM32F0xx_HAL_Driver/Src/stm32f0xx_hal_rcc_ex.o
 .debug_ranges  0x00000000000005d0       0xd8 ./Drivers/STM32F0xx_HAL_Driver/Src/stm32f0xx_hal_rtc.o
 .debug_ranges  0x00000000000006a8       0xf0 ./Drivers/STM32F0xx_HAL_Driver/Src/stm32f0xx_hal_rtc_ex.o
 .debug_ranges  0x0000000000000798      0x1c8 ./Drivers/STM32F0xx_HAL_Driver/Src/stm32f0xx_hal_spi.o
 .debug_ranges  0x0000000000000960      0x3c0 ./Drivers/STM32F0xx_HAL_Driver/Src/stm32f0xx_hal_tim.o
 .debug_ranges  0x0000000000000d20      0x158 ./Drivers/STM32F0xx_HAL_Driver/Src/stm32f0xx_hal_tim_ex.o

.debug_macro    0x0000000000000000    0x12bed
 .debug_macro   0x0000000000000000      0x274 ./Core/Src/UIdriver.o
 .debug_macro   0x0000000000000274      0xa4e ./Core/Src/UIdriver.o
 .debug_macro   0x0000000000000cc2      0x13f ./Core/Src/UIdriver.o
 .debug_macro   0x0000000000000e01       0x2e ./Core/Src/UIdriver.o
 .debug_macro   0x0000000000000e2f       0x22 ./Core/Src/UIdriver.o
 .debug_macro   0x0000000000000e51       0x22 ./Core/Src/UIdriver.o
 .debug_macro   0x0000000000000e73       0x8e ./Core/Src/UIdriver.o
 .debug_macro   0x0000000000000f01       0x51 ./Core/Src/UIdriver.o
 .debug_macro   0x0000000000000f52      0x103 ./Core/Src/UIdriver.o
 .debug_macro   0x0000000000001055       0x6a ./Core/Src/UIdriver.o
 .debug_macro   0x00000000000010bf      0x1df ./Core/Src/UIdriver.o
 .debug_macro   0x000000000000129e       0x1c ./Core/Src/UIdriver.o
 .debug_macro   0x00000000000012ba       0x22 ./Core/Src/UIdriver.o
 .debug_macro   0x00000000000012dc       0xaf ./Core/Src/UIdriver.o
 .debug_macro   0x000000000000138b      0x391 ./Core/Src/UIdriver.o
 .debug_macro   0x000000000000171c     0x785b ./Core/Src/UIdriver.o
 .debug_macro   0x0000000000008f77       0x66 ./Core/Src/UIdriver.o
 .debug_macro   0x0000000000008fdd     0x34be ./Core/Src/UIdriver.o
 .debug_macro   0x000000000000c49b      0x174 ./Core/Src/UIdriver.o
 .debug_macro   0x000000000000c60f       0x55 ./Core/Src/UIdriver.o
 .debug_macro   0x000000000000c664      0x924 ./Core/Src/UIdriver.o
 .debug_macro   0x000000000000cf88      0x289 ./Core/Src/UIdriver.o
 .debug_macro   0x000000000000d211      0x1ae ./Core/Src/UIdriver.o
 .debug_macro   0x000000000000d3bf      0x153 ./Core/Src/UIdriver.o
 .debug_macro   0x000000000000d512      0x1a0 ./Core/Src/UIdriver.o
 .debug_macro   0x000000000000d6b2      0x1bc ./Core/Src/UIdriver.o
 .debug_macro   0x000000000000d86e      0x1dd ./Core/Src/UIdriver.o
 .debug_macro   0x000000000000da4b       0x3c ./Core/Src/UIdriver.o
 .debug_macro   0x000000000000da87       0x28 ./Core/Src/UIdriver.o
 .debug_macro   0x000000000000daaf      0x33d ./Core/Src/UIdriver.o
 .debug_macro   0x000000000000ddec       0xc2 ./Core/Src/UIdriver.o
 .debug_macro   0x000000000000deae       0xb0 ./Core/Src/UIdriver.o
 .debug_macro   0x000000000000df5e      0x217 ./Core/Src/UIdriver.o
 .debug_macro   0x000000000000e175      0x22c ./Core/Src/UIdriver.o
 .debug_macro   0x000000000000e3a1       0x61 ./Core/Src/UIdriver.o
 .debug_macro   0x000000000000e402       0xa5 ./Core/Src/UIdriver.o
 .debug_macro   0x000000000000e4a7       0x4c ./Core/Src/UIdriver.o
 .debug_macro   0x000000000000e4f3       0x49 ./Core/Src/UIdriver.o
 .debug_macro   0x000000000000e53c      0x2db ./Core/Src/UIdriver.o
 .debug_macro   0x000000000000e817      0x3a0 ./Core/Src/UIdriver.o
 .debug_macro   0x000000000000ebb7       0xeb ./Core/Src/UIdriver.o
 .debug_macro   0x000000000000eca2      0x2fe ./Core/Src/UIdriver.o
 .debug_macro   0x000000000000efa0      0x8f4 ./Core/Src/UIdriver.o
 .debug_macro   0x000000000000f894       0x28 ./Core/Src/UIdriver.o
 .debug_macro   0x000000000000f8bc      0x10d ./Core/Src/UIdriver.o
 .debug_macro   0x000000000000f9c9       0x52 ./Core/Src/UIdriver.o
 .debug_macro   0x000000000000fa1b       0x18 ./Core/Src/UIdriver.o
 .debug_macro   0x000000000000fa33       0x3c ./Core/Src/UIdriver.o
 .debug_macro   0x000000000000fa6f       0x34 ./Core/Src/UIdriver.o
 .debug_macro   0x000000000000faa3       0x46 ./Core/Src/UIdriver.o
 .debug_macro   0x000000000000fae9       0x10 ./Core/Src/UIdriver.o
 .debug_macro   0x000000000000faf9       0x22 ./Core/Src/UIdriver.o
 .debug_macro   0x000000000000fb1b       0x76 ./Core/Src/UIdriver.o
 .debug_macro   0x000000000000fb91      0x24f ./Core/Src/display.o
 .debug_macro   0x000000000000fde0       0x4c ./Core/Src/display.o
 .debug_macro   0x000000000000fe2c       0x94 ./Core/Src/display.o
 .debug_macro   0x000000000000fec0       0x28 ./Core/Src/display.o
 .debug_macro   0x000000000000fee8       0x57 ./Core/Src/display.o
 .debug_macro   0x000000000000ff3f      0x26c ./Core/Src/main.o
 .debug_macro   0x00000000000101ab      0x31f ./Core/Src/ssd1306.o
 .debug_macro   0x00000000000104ca       0x16 ./Core/Src/ssd1306.o
 .debug_macro   0x00000000000104e0       0x43 ./Core/Src/ssd1306.o
 .debug_macro   0x0000000000010523       0x34 ./Core/Src/ssd1306.o
 .debug_macro   0x0000000000010557       0x10 ./Core/Src/ssd1306.o
 .debug_macro   0x0000000000010567       0x58 ./Core/Src/ssd1306.o
 .debug_macro   0x00000000000105bf       0x71 ./Core/Src/ssd1306.o
 .debug_macro   0x0000000000010630       0x1c ./Core/Src/ssd1306.o
 .debug_macro   0x000000000001064c      0x12a ./Core/Src/ssd1306.o
 .debug_macro   0x0000000000010776      0x341 ./Core/Src/ssd1306.o
 .debug_macro   0x0000000000010ab7      0x19b ./Core/Src/ssd1306.o
 .debug_macro   0x0000000000010c52       0x16 ./Core/Src/ssd1306.o
 .debug_macro   0x0000000000010c68       0x35 ./Core/Src/ssd1306.o
 .debug_macro   0x0000000000010c9d       0x16 ./Core/Src/ssd1306.o
 .debug_macro   0x0000000000010cb3       0x29 ./Core/Src/ssd1306.o
 .debug_macro   0x0000000000010cdc       0x16 ./Core/Src/ssd1306.o
 .debug_macro   0x0000000000010cf2       0x76 ./Core/Src/ssd1306_fonts.o
 .debug_macro   0x0000000000010d68      0x26c ./Core/Src/stm32f0xx_hal_msp.o
 .debug_macro   0x0000000000010fd4      0x27e ./Core/Src/stm32f0xx_it.o
 .debug_macro   0x0000000000011252      0x1f0 ./Core/Src/system_stm32f0xx.o
 .debug_macro   0x0000000000011442      0x214 ./Drivers/STM32F0xx_HAL_Driver/Src/stm32f0xx_hal.o
 .debug_macro   0x0000000000011656      0x214 ./Drivers/STM32F0xx_HAL_Driver/Src/stm32f0xx_hal_adc.o
 .debug_macro   0x000000000001186a      0x1f0 ./Drivers/STM32F0xx_HAL_Driver/Src/stm32f0xx_hal_cortex.o
 .debug_macro   0x0000000000011a5a      0x1f7 ./Drivers/STM32F0xx_HAL_Driver/Src/stm32f0xx_hal_gpio.o
 .debug_macro   0x0000000000011c51      0x1f0 ./Drivers/STM32F0xx_HAL_Driver/Src/stm32f0xx_hal_pwr.o
 .debug_macro   0x0000000000011e41      0x202 ./Drivers/STM32F0xx_HAL_Driver/Src/stm32f0xx_hal_rcc.o
 .debug_macro   0x0000000000012043      0x1f0 ./Drivers/STM32F0xx_HAL_Driver/Src/stm32f0xx_hal_rcc_ex.o
 .debug_macro   0x0000000000012233      0x1f1 ./Drivers/STM32F0xx_HAL_Driver/Src/stm32f0xx_hal_rtc.o
 .debug_macro   0x0000000000012424      0x1f0 ./Drivers/STM32F0xx_HAL_Driver/Src/stm32f0xx_hal_rtc_ex.o
 .debug_macro   0x0000000000012614      0x1f8 ./Drivers/STM32F0xx_HAL_Driver/Src/stm32f0xx_hal_spi.o
 .debug_macro   0x000000000001280c      0x1f1 ./Drivers/STM32F0xx_HAL_Driver/Src/stm32f0xx_hal_tim.o
 .debug_macro   0x00000000000129fd      0x1f0 ./Drivers/STM32F0xx_HAL_Driver/Src/stm32f0xx_hal_tim_ex.o

.debug_line     0x0000000000000000    0x10e56
 .debug_line    0x0000000000000000      0x7d4 ./Core/Src/UIdriver.o
 .debug_line    0x00000000000007d4      0x991 ./Core/Src/display.o
 .debug_line    0x0000000000001165      0x909 ./Core/Src/main.o
 .debug_line    0x0000000000001a6e      0xe31 ./Core/Src/ssd1306.o
 .debug_line    0x000000000000289f      0x1f1 ./Core/Src/ssd1306_fonts.o
 .debug_line    0x0000000000002a90      0x75b ./Core/Src/stm32f0xx_hal_msp.o
 .debug_line    0x00000000000031eb      0x82e ./Core/Src/stm32f0xx_it.o
 .debug_line    0x0000000000003a19      0x5fc ./Core/Src/system_stm32f0xx.o
 .debug_line    0x0000000000004015       0x89 ./Core/Startup/startup_stm32f030cctx.o
 .debug_line    0x000000000000409e      0x802 ./Drivers/STM32F0xx_HAL_Driver/Src/stm32f0xx_hal.o
 .debug_line    0x00000000000048a0     0x1029 ./Drivers/STM32F0xx_HAL_Driver/Src/stm32f0xx_hal_adc.o
 .debug_line    0x00000000000058c9      0x8ae ./Drivers/STM32F0xx_HAL_Driver/Src/stm32f0xx_hal_cortex.o
 .debug_line    0x0000000000006177      0x97d ./Drivers/STM32F0xx_HAL_Driver/Src/stm32f0xx_hal_gpio.o
 .debug_line    0x0000000000006af4      0x6cd ./Drivers/STM32F0xx_HAL_Driver/Src/stm32f0xx_hal_pwr.o
 .debug_line    0x00000000000071c1      0xbef ./Drivers/STM32F0xx_HAL_Driver/Src/stm32f0xx_hal_rcc.o
 .debug_line    0x0000000000007db0      0x761 ./Drivers/STM32F0xx_HAL_Driver/Src/stm32f0xx_hal_rcc_ex.o
 .debug_line    0x0000000000008511      0xe88 ./Drivers/STM32F0xx_HAL_Driver/Src/stm32f0xx_hal_rtc.o
 .debug_line    0x0000000000009399     0x113b ./Drivers/STM32F0xx_HAL_Driver/Src/stm32f0xx_hal_rtc_ex.o
 .debug_line    0x000000000000a4d4     0x1d14 ./Drivers/STM32F0xx_HAL_Driver/Src/stm32f0xx_hal_spi.o
 .debug_line    0x000000000000c1e8     0x34fa ./Drivers/STM32F0xx_HAL_Driver/Src/stm32f0xx_hal_tim.o
 .debug_line    0x000000000000f6e2     0x1774 ./Drivers/STM32F0xx_HAL_Driver/Src/stm32f0xx_hal_tim_ex.o

.debug_str      0x0000000000000000    0x72892
 .debug_str     0x0000000000000000    0x6b11a ./Core/Src/UIdriver.o
                                      0x6b3af (size before relaxing)
 .debug_str     0x000000000006b11a      0x2c0 ./Core/Src/display.o
                                      0x6b3da (size before relaxing)
 .debug_str     0x000000000006b3da      0xc44 ./Core/Src/main.o
                                      0x6c1a8 (size before relaxing)
 .debug_str     0x000000000006c01e     0x379e ./Core/Src/ssd1306.o
                                      0x6ecdd (size before relaxing)
 .debug_str     0x000000000006f7bc       0x24 ./Core/Src/ssd1306_fonts.o
                                       0x3c69 (size before relaxing)
 .debug_str     0x000000000006f7e0       0xcd ./Core/Src/stm32f0xx_hal_msp.o
                                      0x6bec1 (size before relaxing)
 .debug_str     0x000000000006f8ad       0xa7 ./Core/Src/stm32f0xx_it.o
                                      0x6bae2 (size before relaxing)
 .debug_str     0x000000000006f954       0x8b ./Core/Src/system_stm32f0xx.o
                                      0x6acb1 (size before relaxing)
 .debug_str     0x000000000006f9df       0x36 ./Core/Startup/startup_stm32f030cctx.o
                                         0x73 (size before relaxing)
 .debug_str     0x000000000006fa15      0x38e ./Drivers/STM32F0xx_HAL_Driver/Src/stm32f0xx_hal.o
                                      0x6b22b (size before relaxing)
 .debug_str     0x000000000006fda3      0x38f ./Drivers/STM32F0xx_HAL_Driver/Src/stm32f0xx_hal_adc.o
                                      0x6b3a3 (size before relaxing)
 .debug_str     0x0000000000070132      0x1c8 ./Drivers/STM32F0xx_HAL_Driver/Src/stm32f0xx_hal_cortex.o
                                      0x6b04e (size before relaxing)
 .debug_str     0x00000000000702fa      0x150 ./Drivers/STM32F0xx_HAL_Driver/Src/stm32f0xx_hal_gpio.o
                                      0x6ae52 (size before relaxing)
 .debug_str     0x000000000007044a      0x18d ./Drivers/STM32F0xx_HAL_Driver/Src/stm32f0xx_hal_pwr.o
                                      0x6adee (size before relaxing)
 .debug_str     0x00000000000705d7      0x234 ./Drivers/STM32F0xx_HAL_Driver/Src/stm32f0xx_hal_rcc.o
                                      0x6b0c6 (size before relaxing)
 .debug_str     0x000000000007080b       0xb1 ./Drivers/STM32F0xx_HAL_Driver/Src/stm32f0xx_hal_rcc_ex.o
                                      0x6adc1 (size before relaxing)
 .debug_str     0x00000000000708bc      0x250 ./Drivers/STM32F0xx_HAL_Driver/Src/stm32f0xx_hal_rtc.o
                                      0x6b160 (size before relaxing)
 .debug_str     0x0000000000070b0c      0x4b2 ./Drivers/STM32F0xx_HAL_Driver/Src/stm32f0xx_hal_rtc_ex.o
                                      0x6b346 (size before relaxing)
 .debug_str     0x0000000000070fbe      0x575 ./Drivers/STM32F0xx_HAL_Driver/Src/stm32f0xx_hal_spi.o
                                      0x6b5ef (size before relaxing)
 .debug_str     0x0000000000071533      0xe27 ./Drivers/STM32F0xx_HAL_Driver/Src/stm32f0xx_hal_tim.o
                                      0x6c03e (size before relaxing)
 .debug_str     0x000000000007235a      0x538 ./Drivers/STM32F0xx_HAL_Driver/Src/stm32f0xx_hal_tim_ex.o
                                      0x6b7ef (size before relaxing)

.comment        0x0000000000000000       0x49
 .comment       0x0000000000000000       0x49 ./Core/Src/UIdriver.o
                                         0x4a (size before relaxing)
 .comment       0x0000000000000049       0x4a ./Core/Src/display.o
 .comment       0x0000000000000049       0x4a ./Core/Src/main.o
 .comment       0x0000000000000049       0x4a ./Core/Src/ssd1306.o
 .comment       0x0000000000000049       0x4a ./Core/Src/ssd1306_fonts.o
 .comment       0x0000000000000049       0x4a ./Core/Src/stm32f0xx_hal_msp.o
 .comment       0x0000000000000049       0x4a ./Core/Src/stm32f0xx_it.o
 .comment       0x0000000000000049       0x4a ./Core/Src/system_stm32f0xx.o
 .comment       0x0000000000000049       0x4a ./Drivers/STM32F0xx_HAL_Driver/Src/stm32f0xx_hal.o
 .comment       0x0000000000000049       0x4a ./Drivers/STM32F0xx_HAL_Driver/Src/stm32f0xx_hal_adc.o
 .comment       0x0000000000000049       0x4a ./Drivers/STM32F0xx_HAL_Driver/Src/stm32f0xx_hal_cortex.o
 .comment       0x0000000000000049       0x4a ./Drivers/STM32F0xx_HAL_Driver/Src/stm32f0xx_hal_gpio.o
 .comment       0x0000000000000049       0x4a ./Drivers/STM32F0xx_HAL_Driver/Src/stm32f0xx_hal_pwr.o
 .comment       0x0000000000000049       0x4a ./Drivers/STM32F0xx_HAL_Driver/Src/stm32f0xx_hal_rcc.o
 .comment       0x0000000000000049       0x4a ./Drivers/STM32F0xx_HAL_Driver/Src/stm32f0xx_hal_rcc_ex.o
 .comment       0x0000000000000049       0x4a ./Drivers/STM32F0xx_HAL_Driver/Src/stm32f0xx_hal_rtc.o
 .comment       0x0000000000000049       0x4a ./Drivers/STM32F0xx_HAL_Driver/Src/stm32f0xx_hal_rtc_ex.o
 .comment       0x0000000000000049       0x4a ./Drivers/STM32F0xx_HAL_Driver/Src/stm32f0xx_hal_spi.o
 .comment       0x0000000000000049       0x4a ./Drivers/STM32F0xx_HAL_Driver/Src/stm32f0xx_hal_tim.o
 .comment       0x0000000000000049       0x4a ./Drivers/STM32F0xx_HAL_Driver/Src/stm32f0xx_hal_tim_ex.o

.debug_frame    0x0000000000000000     0x3840
 .debug_frame   0x0000000000000000       0xb4 ./Core/Src/UIdriver.o
 .debug_frame   0x00000000000000b4       0x50 ./Core/Src/display.o
 .debug_frame   0x0000000000000104      0x120 ./Core/Src/main.o
 .debug_frame   0x0000000000000224      0x344 ./Core/Src/ssd1306.o
 .debug_frame   0x0000000000000568      0x130 ./Core/Src/stm32f0xx_hal_msp.o
 .debug_frame   0x0000000000000698       0xfc ./Core/Src/stm32f0xx_it.o
 .debug_frame   0x0000000000000794       0x4c ./Core/Src/system_stm32f0xx.o
 .debug_frame   0x00000000000007e0      0x2a4 ./Drivers/STM32F0xx_HAL_Driver/Src/stm32f0xx_hal.o
 .debug_frame   0x0000000000000a84      0x3a0 ./Drivers/STM32F0xx_HAL_Driver/Src/stm32f0xx_hal_adc.o
 .debug_frame   0x0000000000000e24      0x2a0 ./Drivers/STM32F0xx_HAL_Driver/Src/stm32f0xx_hal_cortex.o
 .debug_frame   0x00000000000010c4      0x110 ./Drivers/STM32F0xx_HAL_Driver/Src/stm32f0xx_hal_gpio.o
 .debug_frame   0x00000000000011d4      0x170 ./Drivers/STM32F0xx_HAL_Driver/Src/stm32f0xx_hal_pwr.o
 .debug_frame   0x0000000000001344      0x198 ./Drivers/STM32F0xx_HAL_Driver/Src/stm32f0xx_hal_rcc.o
 .debug_frame   0x00000000000014dc       0x70 ./Drivers/STM32F0xx_HAL_Driver/Src/stm32f0xx_hal_rcc_ex.o
 .debug_frame   0x000000000000154c      0x360 ./Drivers/STM32F0xx_HAL_Driver/Src/stm32f0xx_hal_rtc.o
 .debug_frame   0x00000000000018ac      0x3b8 ./Drivers/STM32F0xx_HAL_Driver/Src/stm32f0xx_hal_rtc_ex.o
 .debug_frame   0x0000000000001c64      0x710 ./Drivers/STM32F0xx_HAL_Driver/Src/stm32f0xx_hal_spi.o
 .debug_frame   0x0000000000002374      0xf00 ./Drivers/STM32F0xx_HAL_Driver/Src/stm32f0xx_hal_tim.o
 .debug_frame   0x0000000000003274      0x560 ./Drivers/STM32F0xx_HAL_Driver/Src/stm32f0xx_hal_tim_ex.o
 .debug_frame   0x00000000000037d4       0x2c /usr/share/gcc-arm-none-eabi-10.3-2021.10/bin/../lib/gcc/arm-none-eabi/10.3.1/../../../../arm-none-eabi/lib/thumb/v6-m/nofp/libc_nano.a(lib_a-init.o)
 .debug_frame   0x0000000000003800       0x20 /usr/share/gcc-arm-none-eabi-10.3-2021.10/bin/../lib/gcc/arm-none-eabi/10.3.1/../../../../arm-none-eabi/lib/thumb/v6-m/nofp/libc_nano.a(lib_a-memset.o)
 .debug_frame   0x0000000000003820       0x20 /usr/share/gcc-arm-none-eabi-10.3-2021.10/bin/../lib/gcc/arm-none-eabi/10.3.1/thumb/v6-m/nofp/libgcc.a(_udivsi3.o)
