../Core/Src/main.c:87:5:main	8	static
../Core/Src/main.c:148:6:SystemClock_Config	96	static
../Core/Src/main.c:197:13:MX_NVIC_Init	8	static
../Core/Src/main.c:215:13:MX_ADC_Init	24	static
../Core/Src/main.c:270:13:MX_RTC_Init	8	static
../Core/Src/main.c:359:13:MX_SPI1_Init	8	static
../Core/Src/main.c:399:13:MX_TIM7_Init	8	static
../Core/Src/main.c:429:13:MX_TIM14_Init	8	static
../Core/Src/main.c:460:13:MX_TIM16_Init	8	static
../Core/Src/main.c:492:13:MX_GPIO_Init	56	static
../Core/Src/main.c:577:6:Error_Handler	8	static
