../Core/Src/ssd1306.c:24:6:ssd1306_Reset	8	static
../Core/Src/ssd1306.c:36:6:ssd1306_WriteCommand	16	static
../Core/Src/ssd1306.c:44:6:ssd1306_WriteData	16	static
../Core/Src/ssd1306.c:63:17:ssd1306_FillBuffer	32	static
../Core/Src/ssd1306.c:73:6:ssd1306_Init	8	static
../Core/Src/ssd1306.c:177:6:ssd1306_Fill	16	static
../Core/Src/ssd1306.c:182:6:ssd1306_UpdateScreen	16	static
../Core/Src/ssd1306.c:203:6:ssd1306_DrawPixel	24	static
../Core/Src/ssd1306.c:223:6:ssd1306_WriteChar	48	static
../Core/Src/ssd1306.c:258:6:ssd1306_WriteString	24	static
../Core/Src/ssd1306.c:272:6:ssd1306_SetCursor	16	static
../Core/Src/ssd1306.c:278:6:ssd1306_Line	48	static
../Core/Src/ssd1306.c:305:6:ssd1306_Polyline	40	static
../Core/Src/ssd1306.c:319:14:ssd1306_DegToRad	16	static
../Core/Src/ssd1306.c:324:17:ssd1306_NormalizeTo0_360	32	static
../Core/Src/ssd1306.c:340:6:ssd1306_DrawArc	64	static
../Core/Src/ssd1306.c:380:6:ssd1306_DrawArcWithRadiusLine	72	static
../Core/Src/ssd1306.c:423:6:ssd1306_DrawCircle	40	static
../Core/Src/ssd1306.c:458:6:ssd1306_FillCircle	48	static
../Core/Src/ssd1306.c:494:6:ssd1306_DrawRectangle	32	static
../Core/Src/ssd1306.c:504:6:ssd1306_FillRectangle	32	static
../Core/Src/ssd1306.c:519:6:ssd1306_DrawBitmap	32	static
../Core/Src/ssd1306.c:543:6:ssd1306_SetContrast	24	static
../Core/Src/ssd1306.c:549:6:ssd1306_SetDisplayOn	24	static
../Core/Src/ssd1306.c:561:9:ssd1306_GetDisplayOn	8	static
