../Core/Src/stm32f0xx_it.c:86:6:NMI_Handler	8	static
../Core/Src/stm32f0xx_it.c:101:6:HardFault_Handler	8	static
../Core/Src/stm32f0xx_it.c:116:6:SVC_Handler	8	static
../Core/Src/stm32f0xx_it.c:129:6:PendSV_Handler	8	static
../Core/Src/stm32f0xx_it.c:142:6:SysTick_Handler	8	static
../Core/Src/stm32f0xx_it.c:163:6:EXTI4_15_IRQHandler	16	static
../Core/Src/stm32f0xx_it.c:200:6:ADC1_IRQHandler	16	static
../Core/Src/stm32f0xx_it.c:253:6:TIM7_IRQHandler	16	static
../Core/Src/stm32f0xx_it.c:289:6:TIM14_IRQHandler	8	static
../Core/Src/stm32f0xx_it.c:303:6:TIM16_IRQHandler	8	static
