../Core/Src/stm32f0xx_it.c:92:6:NMI_Handler	8	static
../Core/Src/stm32f0xx_it.c:107:6:HardFault_Handler	8	static
../Core/Src/stm32f0xx_it.c:122:6:SVC_Handler	8	static
../Core/Src/stm32f0xx_it.c:135:6:PendSV_Handler	8	static
../Core/Src/stm32f0xx_it.c:148:6:SysTick_Handler	8	static
../Core/Src/stm32f0xx_it.c:169:6:EXTI4_15_IRQHandler	16	static
../Core/Src/stm32f0xx_it.c:202:6:ADC1_IRQHandler	16	static
../Core/Src/stm32f0xx_it.c:267:6:TIM7_IRQHandler	16	static
../Core/Src/stm32f0xx_it.c:309:6:TIM14_IRQHandler	8	static
../Core/Src/stm32f0xx_it.c:323:6:TIM16_IRQHandler	8	static
