../Core/Src/UIdriver.c:96:6:nextPage	24	static
../Core/Src/UIdriver.c:174:6:nextSubPage	16	static
../Core/Src/UIdriver.c:196:6:moveCursor	16	static
../Core/Src/UIdriver.c:219:6:moveSPCursor	24	static
../Core/Src/UIdriver.c:247:6:selectPage	24	static
../Core/Src/UIdriver.c:283:6:selectSubPage	24	static
../Core/Src/UIdriver.c:310:6:unselectPage	16	static
../Core/Src/UIdriver.c:333:6:unselectSubPage	16	static
../Core/Src/UIdriver.c:353:6:markButton	24	static
../Core/Src/UIdriver.c:361:6:markSubPageButton	24	static
../Core/Src/UIdriver.c:369:6:markSet	24	static
../Core/Src/UIdriver.c:377:6:unmarkSet	24	static
../Core/Src/UIdriver.c:385:6:markSetSPButton	24	static
../Core/Src/UIdriver.c:394:6:unmarkSetSPButton	24	static
../Core/Src/UIdriver.c:403:6:pressButton	8	static
../Core/Src/UIdriver.c:441:6:pageCalibTime	8	static
