../Core/Src/UIdriver.c:92:6:nextPage	24	static
../Core/Src/UIdriver.c:170:6:nextSubPage	16	static
../Core/Src/UIdriver.c:192:6:moveCursor	16	static
../Core/Src/UIdriver.c:215:6:moveSPCursor	24	static
../Core/Src/UIdriver.c:243:6:selectPage	24	static
../Core/Src/UIdriver.c:277:6:selectSubPage	24	static
../Core/Src/UIdriver.c:304:6:unselectPage	16	static
../Core/Src/UIdriver.c:327:6:unselectSubPage	16	static
../Core/Src/UIdriver.c:347:6:markButton	24	static
../Core/Src/UIdriver.c:355:6:markSubPageButton	24	static
../Core/Src/UIdriver.c:363:6:markSet	24	static
../Core/Src/UIdriver.c:371:6:unmarkSet	24	static
../Core/Src/UIdriver.c:379:6:markSetSPButton	24	static
../Core/Src/UIdriver.c:388:6:pressButton	8	static
../Core/Src/UIdriver.c:421:6:pageCalibTime	8	static
